#-----------------------------------------------------------
# Vivado v2023.2.2 (64-bit)
# SW Build 4126759 on Thu Feb  8 23:53:51 MST 2024
# IP Build 4126054 on Fri Feb  9 11:39:09 MST 2024
# SharedData Build 4115275 on Tue Jan 30 00:40:57 MST 2024
# Start of session at: Wed Apr  3 17:36:29 2024
# Process ID: 24520
# Current directory: C:/Users/cloud/OneDrive/_Arty_Spartan_7/Projects/BME688-ARTYS7-50-SPI-MAIN/BME688-ARTYS7-50-SPI-MAIN.runs/impl_1
# Command line: vivado.exe -log BME688_wrapper.vdi -applog -product Vivado -messageDb vivado.pb -mode batch -source BME688_wrapper.tcl -notrace
# Log file: C:/Users/cloud/OneDrive/_Arty_Spartan_7/Projects/BME688-ARTYS7-50-SPI-MAIN/BME688-ARTYS7-50-SPI-MAIN.runs/impl_1/BME688_wrapper.vdi
# Journal file: C:/Users/cloud/OneDrive/_Arty_Spartan_7/Projects/BME688-ARTYS7-50-SPI-MAIN/BME688-ARTYS7-50-SPI-MAIN.runs/impl_1\vivado.jou
# Running On: DarkStar, OS: Windows, CPU Frequency: 2995 MHz, CPU Physical cores: 24, Host memory: 68447 MB
#-----------------------------------------------------------
source BME688_wrapper.tcl -notrace
