#-----------------------------------------------------------
# Vivado v2023.2.2 (64-bit)
# SW Build 4126759 on Thu Feb  8 23:53:51 MST 2024
# IP Build 4126054 on Fri Feb  9 11:39:09 MST 2024
# SharedData Build 4115275 on Tue Jan 30 00:40:57 MST 2024
# Start of session at: Fri Mar 15 08:39:16 2024
# Process ID: 36360
# Current directory: C:/Users/cloud/OneDrive/_Arty_Spartan_7/Projects/BME688-ARTYS7-50-SPI-MAIN/BME688-ARTYS7-50-SPI-MAIN.runs/BME688_mig_7series_0_0_synth_1
# Command line: vivado.exe -log BME688_mig_7series_0_0.vds -product Vivado -mode batch -messageDb vivado.pb -notrace -source BME688_mig_7series_0_0.tcl
# Log file: C:/Users/cloud/OneDrive/_Arty_Spartan_7/Projects/BME688-ARTYS7-50-SPI-MAIN/BME688-ARTYS7-50-SPI-MAIN.runs/BME688_mig_7series_0_0_synth_1/BME688_mig_7series_0_0.vds
# Journal file: C:/Users/cloud/OneDrive/_Arty_Spartan_7/Projects/BME688-ARTYS7-50-SPI-MAIN/BME688-ARTYS7-50-SPI-MAIN.runs/BME688_mig_7series_0_0_synth_1\vivado.jou
# Running On: DarkStar, OS: Windows, CPU Frequency: 2995 MHz, CPU Physical cores: 24, Host memory: 68447 MB
#-----------------------------------------------------------
source BME688_mig_7series_0_0.tcl -notrace
